
> closeshop-dev@0.0.0 build
> vite build

[36mrolldown-vite v7.3.1 [32mbuilding client environment for production...[36m[39m
[2K
transforming...✓ 790 modules transformed.
rendering chunks...
